102	Quick Test	Bob Diaz	bob@purdue.edu	beta	10/26/2024 23:33:30	10/26/2024 20:33:35	 0:00:00
103	Long Analysis	Bob Diaz	bob@purdue.edu	beta	10/26/2024 23:33:30	10/26/2024 20:33:45	 0:00:05
104	Short Exp	Alice Chen	alice@purdue.edu	beta	10/26/2024 23:33:40	10/26/2024 20:33:48	 0:00:05
101	Matrix Multiply	Alice Chen	alice@purdue.edu	alpha	10/26/2024 23:33:20	10/26/2024 20:33:50	 0:00:00
